1062722
1248226
1242898
1054867
1161617
1197137
755898
1429738
1096563
1025527
1218925
1561969
1311031
7451
1511789
507244
1229910
617126
1305717
803796
861451
1242419
1215106
1280450
1038392
425274
1316147
1468417
338969
1072699
1284120
798645
1081208
145341
793387
1446358
1084242
575265
1269021
1012582
1401318
1328913
1257009
1114967
1373276
1061474
1186350
106
1156594
1234821
1496735
1380998
1086910
967941
1403735
911430
1078605
1246049
1109086
533533
941109
601980
1425122
402431
1087192
604079
1010581
1009640
1010756
1328803
9722
1242501
1007734
1519168
1376434
552524
756999
1035259
24428
1327862
1175942
701387
1497036
157336
980477
1267319
13027
1169210
1357886
933523
541671
1191666
1107216
297802
1280282
1268552
1468057
354912
1571470
1196791
766507
1290159
1426792
1053008
873967
1306525
574475
15842
1033148
1198426
1202863
474350
950387
1272166
1330421
975225
1119878
760329
155
1241982
1549517
1382406
169
269149
346910
1022789
986206
238
278
346364
533535
1328402
1071585
1022787
563470
1549512
295912
1125257
671
927254
1197306
783558
299536
106646
1232449
120
83533
615453
75656
497582
228970
1249423
950396
1552819
83743
986097
13494
1135176
9423
9806
987400
1358831
1245993
1417
997113
1233413
1156593
1470086
62214
139586
76600
617572
1383089
27205
34851
96988
1327769
1011477
939243
81041
22
286407
1151031
25793
31304
89656
17436
1226863
1214931
19995
1137245
3933
41184
1290879
372058
109445
934201
1374686
945961
25670
24481
502356
648043
14836
214756
550147
674
1214684
333323
597
209263
1865
1549508
496243
1042834
933260
1244039
63727
324857
1086260
162532
1223601
205587
13192
291805
8966
1426518
735989
1419406
986056
230645
260513
762297
1159472
1242011
1034541
13
679796
862
685264
957119
666950
673
4478
122
504
381318
1184918
85430
866462
12153
105
58
608994
822119
41997
321662
18785
8871
1252382
433002
519182
515985
672
149514
808
307081
167595
387824
54845
936108
479366
411
285
10868
329724
18389
67789
680
11544
1326106
1236470
12663
69015
531208
39902
63579
33660
129
460060
675
130953
872585
36269
823219
746476
866398
155589
1103432
762509
89008
121932
61542
1230393
1035048
9072
12724
210577
1228246
47822
15845
912649
348811
1539104
348
1151334
1957
829557
559969
634649
772
122084
15844
831946
46636
615469
42299
809
1278950
23168
9502
845781
520720
1100988
448432
1029575
1388451
603
10193
1185528
810
42500
438631
70002
6038
644092
1253000
49983
56379
500321
74899
1241755
1203484
1267905
407389
10138
550
129126
1155281
5421
11688
1003504
11804
12444
187146
1244953
31385
50897
1030571
949855
11824
870028
19049
9315
161482
21040
976573
1422096
298582
346698
9869
2277
12445
85517
551808
767
201088
17529
52954
554580
121606
1028248
1294203
301846
749170
1304366
98566
11322
13655
4527
86819
61642
150540
47646
83103
585
121
79698
840326
25773
204082
497
264991
523
49051
1084244
3063
10674
485162
238589
1011985
139646
49494
245913
98360
465080
850174
480681
385687
568091
86889
1138194
821881
1027950
469055
1319895
177572
67697
507089
86059
361743
277519
742070
696506
48689
110789
173872
386891
537021
9479
111983
77663
11
31655
1251717
9756
1285965
57353
9665
569094
568124
2095
250546
180220
572292
70084
29117
8814
37861
82778
871964
81467
323692
140420
25248
224626
504056
20323
73492
835459
27094
10995
77805
8933
236041
1362315
11017
421313
198663
801583
12505
1280544
59468
41210
72105
29846
8202
2062
6529
393306
921
49125
111440
8870
43490
4247
923597
46351
442187
36251
258521
372504
738627
208282
658760
509967
101820
28042
16869
158431
1169789
21864
912726
8292
1000866
431135
29100
83114
216015
55107
630737
3089
122917
46853
1078023
42796
360784
1291661
1683
242310
94616
11787
400411
128280
429195
856351
96314
28115
43829
31998
666904
508947
50479
740952
64524
23134
39978
305920
55278
823464
1233069
31789
297256
639609
283453
63100
264098
1373445
64828
8488
21546
61722
87451
9922
6470
290365
28261
27536
112336
76492
36691
253412
128215
42710
9702
807
1277988
40630
1087891
854
1231813
294976
16665
10838
403368
797641
42835
360920
1158874
322488
417504
350
863
401410
126661
698687
9692
664469
159047
601083
693134
66966
182756
512199
51482
513083
5916
1241470
165300
543954
645434
5203
920708
705054
190859
416186
1214454
776503
170639
296096
86246
71143
135397
9766
116743
57744
75622
51052
1241752
7364
686872
1319975
8587
303
1051486
10771
19213
13348
61539
646150
29106
136403
1217410
1285406
489162
1214130
3084
19661
25900
6643
1645
221868
1337193
9264
43506
497802
5700
309875
412547
276177
69492
41308
447365
209403
2103
45094
44586
14001
14254
259292
3306
468225
98584
76812
1726
220495
28304
260514
14160
334922
648878
5839
430474
91314
212762
109161
138843
409160
575264
4628
447273
33555
982932
98
75780
1535290
71244
326446
1426776
69119
14370
1126166
315635
41762
20125
464805
585744
603692
425
1008953
39522
299534
1084199
20971
890656
573435
35196
17130
8471
359410
2020
564
85483
421879
137002
336845
106135
718838
37302
416580
320318
13461
39964
64708
571037
11618
602654
312629
395560
10537
60800
262500
1109255
292610
297604
250488
234140
10523
100387
513224
17589
5656
451751
1299046
592834
1526215
749274
70981
1076279
60534
324544
150689
97
9843
323368
32449
1049942
423108
426063
25330
389685
40804
547009
33668
27323
49026
43865
649755
12137
174772
109325
13973
73807
656908
21039
807196
220428
76714
833404
109149
52688
32684
443698
29957
30574
469721
335984
10351
792307
1001044
286805
3865
1364608
615457
11507
396535
290098
953
1338799
771077
558449
11005
975533
869597
78546
66035
84194
269776
18146
41171
1115009
1738
77949
32458
15711
17409
21946
555451
24203
73861
440
339103
761270
58248
25087
539972
987917
858059
1290494
843527
22621
81972
193722
38757
267046
27420
108450
8681
77625
82563
850990
245589
81796
449562
475557
9300
288708
53095
153021
136718
347839
47302
249059
788752
76397
75471
429733
11012
123059
344104
205596
58096
96460
27578
1293286
112708
29530
12155
786892
850028
36586
1433719
9499
333357
54013
29427
310907
343693
5491
11060
227907
48852
63319
264656
1499837
42531
615173
13763
997265
9424
644083
519106
58028
559
11054
123806
82575
838209
969084
11428
542224
15258
316447
541099
588228
982221
44564
514466
113082
15657
12770
227075
324670
84375
565028
19899
136898
842050
8996
24789
163661
435366
913290
14931
253837
508442
611562
1136867
495398
240
53220
396194
260346
28322
645886
12912
97614
436969
17352
1165096
665888
136795
10063
455656
4290
10028
31150
606402
10543
1360780
1286846
414906
313953
94736
628707
192690
1241436
697843
319993
41177
10020
652
538227
42185
3525
1280440
800158
634331
199556
158050
198184
28466
82390
1016446
9687
228150
41407
1261148
503125
811941
242224
256834
349064
3767
527261
156639
58232
1369679
353429
1413
1401581
35054
1041613
435473
203739
576040
61985
846422
812654
28264
55766
869166
85877
38554
429698
12
38543
31602
82657
1469141
403431
11823
36233
158015
861266
9576
48207
416160
659994
1329336
1362429
1361253
40639
39868
18993
299054
1175267
489939
59963
460701
481871
535812
557
1064213
7299
52629
36909
419835
26686
87119
73358
378356
52520
10772
5921
122692
20352
1383557
838
1539356
70196
146874
10890
110643
11210
27286
630459
1106289
201085
297762
461714
185981
643724
1252309
866
451538
639564
487674
1337395
2034
1580
9637
39349
448252
2289
1297536
73986
63360
1581
1450529
870360
179439
639838
20539
605722
21344
395932
244786
748783
212249
8835
559158
111409
597891
1712
99861
739993
67087
196679
130134
417678
1119365
845890
259693
1564346
145838
793511
121893
300792
92729
395458
19898
47473
478682
417936
410119
396263
25166
1500536
1064307
974576
40047
10681
137641
4289
858408
472734
42040
663712
49013
260007
24679
323694
656584
75012
50454
11663
1072790
2755
424
94363
840439
53658
1008746
621728
158907
717980
178809
5759
694
635302
43889
92
626393
3513
36419
82474
1003596
295333
78411
351211
306650
934139
504949
296778
102382
439079
2255
464723
1030905
27042
1356039
423988
840697
15347
31676
76418
26866
25012
617246
198067
128133
183954
11406
46498
229280
37165
153717
514222
17667
18688
88520
136764
188839
420817
22914
70292
240585
81478
455839
48218
18646
82792
130989
1386827
847957
362826
22976
510318
14050
63861
16175
293535
566346
26654
140607
940097
471678
307421
390407
68718
1195631
363463
606237
575758
614917
5955
1480129
399404
37144
422575
949423
1190038
998022
52825
85951
642208
353257
550988
12657
785037
25016
1238992
474585
40001
579062
252786
10195
26675
271110
219832
1537
1379703
1073079
60488
10625
260845
37023
1382472
640
49172
308143
166426
1171153
79697
444902
52238
284289
1419027
12500
206192
1512978
468224
1153714
118513
492188
131631
198436
1029281
1063466
419192
1026563
9044
29964
42861
481235
522246
9023
19624
1154470
664561
12797
68721
763
5503
639720
659423
73723
1352755
187
417320
436775
25797
21275
3587
46691
238615
91665
19765
82690
23751
59725
1311848
376290
47888
922848
1083433
976893
512198
714888
451661
429617
19724
270015
620561
430162
67203
55732
86251
1522923
56832
954388
291270
12611
1144107
792
156022
52113
105825
301633
579496
162
325348
44711
36677
365839
24032
23945
71763
567797
83877
649928
159334
11424
955569
41595
823766
9095
44326
833388
360780
397717
286538
1004913
70942
508
698508
45774
187458
273106
348893
23627
1121084
53039
667538
44862
6145
539565
760104
347944
323262
38055
33408
251552
17346
4935
593059
279917
266433
46302
48677
51383
588896
86742
36330
1337411
345938
1152393
453395
272602
28178
324786
1325678
484901
9408
74170
769
115210
574060
1357633
146243
84372
256789
443700
387848
414419
653346
32077
293660
14510
629542
71469
218
510
254
47145
306394
865
215834
443820
294148
535414
429467
816977
165979
125109
38913
591
41981
1124619
471853
17820
643690
76341
11337
31822
13817
1205177
657350
846542
668489
697064
42242
555249
30876
638515
30526
16914
291186
10263
17212
616470
182117
8875
19803
249397
205865
480536
23685
1900
6977
218043
12159
1092638
11123
104219
466411
521509
718821
68254
123455
418389
76197
133196
10470
264558
74903
166428
101720
501590
9039
588
1559
552975
16281
13913
10575
98090
752721
710295
39254
34644
22825
1218032
86290
17917
18491
309299
11036
718032
565
100205
71552
614734
123868
34093
222765
704673
1111873
1263256
355008
533658
56899
1863
575405
531737
34193
853791
292169
10191
1564937
142473
16373
136405
745625
4951
521862
42790
18239
109411
10139
51491
31082
8446
710062
22371
146238
227569
257440
1368166
940816
567910
22390
181812
1115584
118
9671
403899
720018
28130
9959
298618
87936
768563
5653
561325
666781
507086
65057
718633
122906
8392
840111
1930
27703
83897
62000
11631
843477
87774
1198756
57158
50987
425176
683340
2832
980489
560008
183026
1275552
11324
626617
90916
78151
46221
458354
442709
39916
566525
368102
712521
27813
8326
1495
10530
9982
947478
1471345
664849
279294
1049638
118108
65958
4232
736340
21711
272
1549292
12149
14389
141679
998183
9820
557396
266213
158064
664823
60631
17590
639177
139808
315162
252830
152115
7093
4248
237
580632
70579
301528
50619
137333
10288
857
1002440
551665
11590
306633
517909
260063
12525
2614
670
128
1113421
762430
937287
26560
726209
593541
58055
546554
52800
292481
29396
850870
560391
75905
838240
386591
864873
62662
1275779
33005
629520
249660
931349
934027
877002
614943
256553
70435
14786
93513
249859
75735
84724
228933
170
933419
10881
333484
403068
78
765119
1158416
304135
545611
459151
280
345
931201
324552
606234
107100
64720
5255
9757
851274
590706
67617
2657
412893
401371
210860
108445
1160956
777443
1531023
281
6479
74187
1431830
99261
26789
189666
232699
50301
17433
281363
630
267081
540549
277627
471265
165
1000862
550172
118098
101
940551
187321
984555
14013
1235294
296918
10990
855823
271890
28120
455551
637649
1287322
253111
68684
52959
31421
270043
438109
1532673
482134
9769
316089
110968
12101
472226
436902
333385
89946
619918
452179
82099
27941
345914
283201
64690
11674
924146
1101839
924323
999291
4995
1374534
49521
270778
450932
334893
539
21575
33157
62132
10494
336725
760741
500503
717930
9270
581726
79871
164952
13766
50620
310723
1057999
144091
677179
716472
111
20085
1233575
46855
458737
868677
52109
302236
57978
884605
930094
419511
1372496
241927
791135
267935
78663
38365
167762
204622
411999
13525
445867
214139
925714
24150
763215
98203
1124620
9407
782861
1492108
41508
536554
403232
1435387
914215
473334
671754
77444
176358
238636
118957
975714
9802
1242434
1064137
392474
35169
9680
332283
429
9352
226855
949
351192
891214
390054
321455
9335
43380
226789
281957
900427
1315986
9902
80254
483244
937243
317633
52067
600730
38117
966
729286
16227
1157064
155601
242582
518934
609844
2577
747428
277650
785538
429351
1476292
4370
137113
222517
412092
977558
549509
1305653
391978
96147
1893
77632
44754
68954
137278
47971
988367
585083
18240
630555
762968
718930
323579
878743
10229
243831
105746
114740
198438
9614
214
1071215
427028
27896
362185
466272
100275
20606
9767
818647
51743
521473
681457
1067100
280534
203813
318846
334707
29291
570260
579974
679
101591
459947
9753
13186
1323409
1448155
19912
22029
401478
20526
338762
581
6614
438695
376453
13550
246984
1363866
78867
10599
527435
121826
322
740903
4133
645710
85739
23990
17990
1140535
585511
13384
47114
164331
63743
16927
289064
37718
482
555134
865417
82355
198171
1001835
1249781
1254135
302050
149235
158852
1216191
193227
252774
36590
1198961
325184
77
93685
847463
24275
146506
66736
821492
659028
323583
194736
284440
79
626576
977223
1159311
849937
329020
74727
191981
30891
13499
873492
1290190
568
285560
299308
334
76843
506763
420333
835087
14452
56384
39861
262298
131074
170528
133727
1014484
362313
66867
395814
204342
515673
270064
814312
927
49719
1280330
1302007
1001747
302150
21887
179380
45243
785199
943542
374987
53745
962288
117559
27737
730506
550577
529297
1241894
31010
600939
317227
59940
380109
745
11509
615665
399056
217487
91627
245749
265676
637110
117248
130422
398215
8767
215776
452068
1281933
39513
506703
1268593
84511
306745
9573
948282
78914
209112
888286
11247
257345
1978
717192
24
96167
16391
493735
1197494
18701
1367575
440001
29484
639988
79192
1290182
42484
374461
377
110415
440775
956001
193087
341013
56164
301821
1190511
323695
1017163
1479945
68610
687238
881857
1508930
14138
14310
702701
97889
577922
284053
163195
1401281
286217
290195
16250
475194
281809
397393
13815
259963
7978
205584
646683
1082791
316242
3035
80794
1097549
368940
1535842
881164
1289936
310986
785522
51179
142
78945
489
105101
1179204
126172
1062097
1522531
416545
27103
2204
774370
320562
20286
2493
283995
19874
490590
304905
188507
974635
31954
138995
657528
1059091
695740
11237
1338133
725899
538696
42296
715072
269955
55846
653047
82702
100241
117262
96424
14161
789140
20416
9472
14459
229045
146471
301348
369055
42222
976149
354949
263680
9036
122473
1523579
127843
38792
639933
1263771
1367
970347
477036
96406
337364
10192
43711
283452
578
556683
76448
812
1546652
319067
8457
290433
8749
300540
948059
549599
1337112
44250
556822
434840
506072
68250
1405604
277778
685644
312221
784755
614934
378695
111816
463053
321612
421711
645146
197893
265331
49872
20982
709798
50253
836954
412200
47953
1637
1177794
593427
209875
177828
290131
33545
26701
762814
207
1400768
787699
140424
1367286
372490
810693
603119
3036
445869
1118031
23367
6957
1316092
4348
593910
301819
428399
418735
587662
874298
64639
40258
73174
705607
399563
1361248
70609
20626
108072
360764
51104
1206414
616037
560810
373727
948713
519465
254193
490132
604195
20025
1025900
986472
142054
1979
1509801
1474447
128862
11943
227719
436267
294254
87485
1127110
326861
660033
360292
513409
816742
511
1154800
941893
669359
971470
1002307
365165
474288
869673
49705
31414
471248
144069
676629
172253
577148
1296404
659751
1083637
1246369
434072
127585
616
111839
284054
10659
950489
730100
464909
103
14707
940721
72213
337167
68726
629222
957452
9294
24711
1124
1508643
681019
898713
79934
754762
162661
65036
62213
314062
157730
240228
11362
1128655
980471
793430
25389
512099
34615
713132
793381
2024
771829
265265
429503
104949
593643
73222
39857
125490
449168
1533274
516486
934433
9396
507143
72339
34945
286459
674652
33348
259302
270774
46876
299675
1057045
77338
40775
156365
333339
286868
536989
100445
209524
287649
713364
479334
443989
344973
725585
24021
148888
50196
1290568
1541282
99919
926393
1243230
348084
286686
16186
931626
1103857
1084736
683393
924618
215720
200617
10198
755679
745065
83937
757725
572647
43124
270749
19719
313369
697799
38529
916588
981044
261633
228326
346681
7485
1053630
778596
592695
793015
422234
11504
62
66968
662284
353130
560050
62201
8413
390635
1505183
1734
499301
39194
7340
102298
670490
1287536
508648
296
551910
1131759
363796
33340
447277
812067
1094425
232672
16018
919336
927774
444968
512200
166164
829560
346830
206599
724209
6105
638943
168259
454619
645636
966912
94895
77877
18990
208487
396331
1422
6477
903278
70580
280144
212374
165370
270487
991191
200727
877041
1028703
53209
65497
429921
94561
44885
679416
839761
787428
1573
49018
269642
253029
124972
254049
120844
627500
41733
526896
121837
62764
329865
190735
149702
786077
685650
287683
15144
1396102
1474779
15592
42318
9884
1370
930564
193838
273477
1180841
892120
2082
796715
40570
198652
284413
1159559
853330
89547
17236
1314481
1090384
82696
82675
425664
216647
967585
808579
673247
50433
413313
818659
1498667
866678
646385
1220564
1324096
73796
263472
106729
997108
335983
920
132939
351286
628848
1542917
1109406
667018
340868
620249
245213
947512
35944
1249289
1116347
797157
255441
86270
32065
438396
970450
12646
337966
19554
453543
1287814
41709
7131
306357
7233
715253
42641
888372
402272
315048
433912
316141
9016
72160
197
39788
405775
87153
1817
901100
308681
746036
9774
395
120506
459303
11827
636401
42692
14028
899303
40039
942543
325827
508883
390051
445830
58455
100269
1200320
532710
135786
493529
1484784
416265
615177
1141700
91172
366800
43329
86838
14593
75944
807362
370729
565720
61752
487390
521117
725239
597523
423107
804095
679271
1029443
580250
71110
25334
80278
135232
1411695
438736
580489
1238443
38
350083
1512265
252801
950
800378
127111
305258
50014
1268263
3701
725540
79100
109428
313663
8960
392084
343611
814889
1390597
88
135936
664
1452176
302105
528798
714479
852462
962715
11842
619264
651610
851035
1016121
54524
1181355
57916
1415847
262563
430622
675353
336255
1330415
849
590995
1508489
43871
1157061
65134
141591
982843
465044
212703
167282
403330
1148126
218963
13430
280137
410449
1017633
100366
105864
489929
77879
620009
861175
227359
83928
507903
18925
1082195
1217484
83939
1094473
87101
39478
330459
52676
85940
1288072
959160
501869
328351
213555
503736
185992
615656
291658
9714
1100782
15742
1027318
763164
317567
192880
95136
9708
38357
1491
982789
306752
653601
1491642
1540605
48451
307168
104329
9303
854529
27034
47039
605
1454025
1254808
1213997
537104
814800
460962
245229
286097
1053735
493131
801335
698940
218868
83188
251850
487393
663107
297
5598
134998
110390
375580
27563
46849
111083
10330
980636
49783
43560
274475
56969
10665
128815
37204
335308
709238
948549
1420767
257675
420818
300757
4926
140662
847738
1060904
8456
41390
956
267037
851644
508943
152601
13723
285755
7501
29056
629176
1108416
115301
602147
740347
258699
281360
362137
42083
228664
9392
63276
389
438660
545361
209790
22798
886421
972486
951731
1031306
774215
392019
1359
263651
1252428
892494
1359607
114
1191990
923659
821258
12092
567733
37593
72190
257344
507131
586467
795410
19199
11868
28497
70690
10719
604093
14268
359037
55335
45212
36427
99236
707781
12133
43125
537447
1551
600274
208277
102651
1180383
364433
176983
19067
955916
119595
89577
9678
76
583689
1085648
9495
79191
202622
807420
43896
420809
1036396
119106
279321
146270
76757
121986
929590
937278
752
434990
78075
1051896
1172250
811782
72545
283686
690286
78861
174731
319980
72312
326502
25209
597922
32847
591866
296315
456992
369344
36785
543352
2501
400528
1186274
198338
10591
463858
969492
1226578
59577
1157665
919069
609319
113103
189489
301608
948259
1366
284863
13827
104935
15567
109418
97434
957212
500882
814662
145667
36171
561
85
599783
707412
115489
300960
37799
1472685
1222297
650074
57879
1623
531509
739455
245435
9737
16859
372921
14684
277713
444167
92675
422358
1192160
717449
266596
69560
384018
898662
985554
287903
854024
9793
40405
261000
191453
688468
364615
471047
632348
1006851
300982
484888
2623
198427
356305
744
1369330
322088
39341
341833
806051
1243886
650245
427413
574356
997581
264760
255173
138086
115457
81744
433249
400535
539292
40080
151368
1121404
598574
198062
59049
109743
942122
435615
1195094
848096
977062
215106
164550
1034997
565097
1265
428400
395817
85150
325064
10009
958179
1509457
552456
27720
220388
77950
121239
2087
1724
1091
433163
13387
429502
390077
74549
82650
640173
779508
9325
46195
1032389
78172
326359
1520031
419116
41446
411231
172493
57182
633187
753342
118632
434873
580536
1485109
769899
17645
1018950
17979
1209558
246941
230864
963956
458594
53864
505642
660335
416718
22049
39885
245505
665
160254
17474
268573
27664
769466
235061
420104
30192
54493
367080
98008
1649
523777
185345
58309
864370
970329
6488
29235
176
192054
825898
104043
900286
794155
1271488
425247
1529341
56881
356324
660632
887639
401254
1114323
370487
80207
82368
627483
77794
57520
40629
338958
634098
17168
1195506
56533
58447
859050
10867
337404
316816
11224
1220552
1154215
9473
544067
33064
1456349
8988
887025
89803
341101
82833
663072
659029
330457
587807
572802
286337
879912
592465
41936
1433114
1574
1578
394615
475046
3482
84209
402331
8487
174188
345143
7229
279721
48773
278917
149517
289792
352745
308059
81867
51270
185
381
944547
329925
9489
23514
1119090
372024
499247
658599
199743
825095
568011
380262
798021
370172
56617
11416
1169075
42424
879440
173214
83801
82353
1227873
82377
23283
1068241
416878
334074
1239306
1073735
1502943
462896
47677
1445601
67077
1043905
30771
996043
961561
562
1264073
21982
79649
780022
876969
281792
91561
446585
253601
418203
22804
40241
1055623
681343
416624
548185
603791
135387
556803
310018
79843
1985
68297
506826
1312065
12244
307086
993079
1073088
646473
128077
588367
13665
881239
636862
10092
66171
82507
2668
881350
1316218
521706
50546
67717
1360365
1385000
699934
505044
513532
239887
510397
87879
53567
453755
296640
47881
1285149
1059572
43495
20160
180863
447406
674710
25500
13811
1288608
1512271
793967
202007
767367
297603
50958
213681
1098611
136167
1309349
912032
508439
557968
1435334
468207
2322
77257
1273221
449851
595148
537915
982847
874907
419155
1131601
8913
131668
754273
255168
72561
422428
8363
1377413
681461
10144
1002188
49529
63348
365177
88005
601487
11609
1187766
15121
78383
376769
38167
1243650
369957
471706
38652
284052
508032
1447287
357054
1424778
719873
435480
26579
491813
77931
425341
114386
126031
2525
370783
871097
361559
948
19544
713704
88463
431527
859319
262330
1317938
23449
379138
139628
383498
99863
11569
868912
458723
240832
704679
881246
1422294
831269
20704
64530
985939
601
12536
18
91316
1791
9297
151001
85434
184462
272415
419660
817161
96346
35
421892
451915
269489
920394
8337
86175
425142
9880
787
878552
497698
3558
618836
293873
1241921
302627
354278
29165
14687
43393
608108
546796
926899
136799
650498
167080
466420
929235
119450
453286
377690
408
653559
715541
80810
2899
945045
1147710
339403
331043
724641
69152
787825
269660
1504382
73116
10373
60011
1116854
65086
409617
344120
873143
13313
4256
56155
110329
412678
1303305
119095
571841
769666
1081012
1074243
670560
1074071
486463
50085
52131
458156
1102830
856751
321845
5175
279572
788208
566163
400525
18352
846573
299185
464187
9918
761552
514501
596916
41491
1484674
549214
270410
310135
74884
267607
26408
365537
1188337
771907
178182
1208952
984440
26983
629108
568657
1339658
1261250
32563
82687
1244833
378064
266807
586319
181808
39502
3053
935604
1025476
9490
931062
933406
11906
889418
38542
283600
29064
683109
1253411
222299
1181540
1148368
947384
418913
150716
946552
1262299
1010841
270946
1215372
792329
848210
1342279
119866
444746
1164145
378373
24712
1111380
938499
28504
766907
408567
1416099
78353
9612
28746
693349
719154
82135
447076
11645
1249607
947185
417859
522651
16614
411477
94545
1150803
8329
282010
974662
434527
849503
453800
408496
29793
86331
159824
1259
74942
986373
263115
43128
861682
320897
241689
333381
9391
726075
464324
770684
303312
89092
198013
419430
143477
293634
185338
497323
2669
543493
1149504
655183
1533384
107
680606
582351
206647
310222
447957
206775
912916
1300116
1315772
36557
13597
646625
585216
105760
354942
86792
33280
178552
721923
49332
454626
335797
359299
1895
78306
84332
12160
574376
187565
798453
571
995647
4327
562746
1970
416585
889121
1147240
517409
9552
550543
405796
762504
845377
884361
483906
937101
847980
133805
303142
41348
206118
74
281351
11006
713776
854016
563301
9705
741169
879957
699269
543694
1210703
491474
583046
402481
457224
973509
1202033
252204
76498
284157
37094
1091673
166225
889795
40060
1235746
284293
1310166
134837
128016
807367
522627
406759
36576
83791
964352
259665
468354
14755
222539
1954
201753
881517
16433
231554
376259
9788
370799
83899
150979
87453
418845
1242562
1047130
615790
216392
581050
147683
634010
1031755
1394014
1279894
1158813
262326
584980
68737
27292
945188
86600
1045385
1139713
37446
1246
1381576
582877
129704
1034117
21634
637269
268898
135283
345890
341291
439466
524434
79218
917496
1063574
105588
2576
207703
87069
339547
271896
359678
21947
4507
882598
10414
76726
824016
149
704239
658060
9487
343725
802443
658580
615210
1219158
34134
571844
561312
76226
286599
480791
171879
82157
1076187
36647
607
35223
22688
61717
1533367
262543
980160
21179
376254
8879
659800
268571
3134
373571
745611
1353278
151330
613879
11708
11355
344045
147889
54689
396213
1146254
9486
581528
67594
1385033
1005331
469521
549777
791373
1539471
29041
36040
22092
297222
476899
9475
593395
502327
806368
420634
11797
1018523
192558
12625
1414635
3049
786283
641077
869664
791095
33166
24921
24624
280995
13223
2649
1159320
893370
294239
15948
517814
215402
78645
1534927
1481456
646762
1202479
977400
362523
1211080
57950
121541
890291
1476453
75709
46738
219247
430978
94261
1508069
1992
916852
1315957
1514333
1049171
270005
336988
6877
102931
58595
963850
1364517
8355
187112
1085515
108933
24177
10439
359556
1007190
265765
246910
584520
88836
96918
22538
176582
270851
1466388
994287
318941
960074
739717
1041499
851025
1196656
624860
520763
1201262
578723
922694
13909
1499356
592843
558363
98962
851303
487664
876189
9353
25641
623768
137495
5879
696556
860465
402034
885303
308734
964980
9289
444934
319780
901050
35009
99581
585831
9792
221917
701089
12187
1592
9477
465488
897160
512988
338021
22832
288107
776551
272663
186907
1506938
637
1160721
557642
1397854
254292
77174
11104
432301
300671
709371
8649
290068
254765
615040
311113
87496
881508
254872
2654
51533
170767
748453
34081
788976
1312946
911771
1371727
58151
8055
1196067
78093
508545
1495609
41604
9322
688232
29105
299713
267544
407794
1168018
401881
530604
1337562
230915
1148817
1444978
1230368
839033
11524
121290
1395926
333178
839728
515847
23705
527470
524103
1311844
971512
883034
11864
67441
510781
834656
889199
314909
1220215
320917
844555
407655
785752
434745
793261
191
50646
1060627
68818
649539
751134
792037
1058516
29360
394968
11770
1435883
49481
698362
637693
1536870
32678
1147053
655756
534490
279287
889737
270303
670292
62177
968051
455698
127533
438747
451048
1480842
8867
133373
633450
121883
261697
858024
139293
573657
76551
491742
85043
1245
901511
812225
348060
771706
221791
39192
1258205
1144048
660334
534121
991511
804
509855
618225
970947
339527
562056
184992
359724
285221
198645
117150
14674
328562
1355139
94123
849537
221902
179
76840
413992
381041
9837
395535
205264
279689
964276
220225
221732
713329
510809
609681
512541
934241
35632
801112
776314
483759
56135
411991
986528
19156
388794
138832
499040
936075
26561
654593
17729
338881
7446
1187710
663260
592485
675299
342786
44115
74471
588659
251719
397503
219435
1139231
26009
1516585
1432433
1226406
306825
789446
1018825
666154
895130
11836
400090
939808
112847
1388874
80644
8923
1022279
12900
876089
172293
872954
2039
129815
1209723
1296973
179826
9755
397224
264904
727225
937173
38321
611359
10400
643816
146233
678146
43561
235781
137466
32575
123250
216079
1499
665762
145071
44162
242
292427
535288
622580
363387
8009
70259
127167
1428649
608238
589754
426257
109690
19913
938508
530385
138885
222951
11874
3595
1008708
13509
1259102
9470
960769
83894
1368
86980
171045
8920
714220
438871
78979
70060
374607
835641
71098
50545
38050
1001315
522681
38226
248042
20381
672521
693967
608945
89484
1271
1070494
112160
95722
470314
1089
31527
52866
1195638
1364992
440479
1506173
1401892
783158
1050712
662237
61930
1192856
89646
99686
295410
602063
48123
1489508
554600
1387223
213770
536437
1340168
447427
540845
90936
42446
341285
211067
49519
5241
115286
367397
621593
109924
31067
98068
8916
1180621
738215
144650
76306
396060
1105022
105416
1099412
401600
9493
679582
1023922
153158
54684
1381330
992464
60192
17654
430807
799583
212626
1453197
26234
51141
72784
522924
1163974
482806
48719
172747
364491
660037
57800
462115
843
116078
1552845
530915
627470
978046
8645
1114894
50451
960169
1550740
13513
1593
974702
44258
1047846
4588
184315
496455
1177529
533094
243888
1535456
554362
946499
945911
20642
458995
391329
800981
662311
266586
480105
550559
356318
49049
565839
1285747
51739
195056
27374
107065
52955
82532
692910
679539
271039
110272
1232546
94809
528145
658919
993710
264007
200654
13441
1529368
1629
1813
81937
39162
1249385
893508
353081
944474
785877
624019
783378
1481260
300225
2441
421630
117825
288932
352618
224067
1221415
723039
475586
625777
100671
833116
756727
922960
596161
512758
38344
598919
4922
499390
547821
75217
823951
81244
16716
926606
256836
533555
583055
44721
340819
159338
738151
638120
1547407
473865
134312
64806
1063249
277884
1001719
422172
920647
1317276
699294
1340355
1196470
764086
32654
271205
27502
326988
557994
464578
587
425555
101120
373231
797827
682920
42325
55240
1114513
1037052
960383
189
721404
329964
356502
403501
973697
976218
700179
663101
67298
601844
216991
727164
366024
362142
730429
701844
23629
290223
236052
781766
22871
335025
749116
1078493
312533
548084
304599
56195
340481
1164355
551024
1234203
36614
6114
334228
663558
853423
1256208
3877
1266990
10495
325430
57289
539819
1081313
820609
298584
984193
1283104
76163
101299
78253
604685
609133
456157
576758
385103
37135
27185
3870
287947
75135
157544
12105
775912
113531
159810
31634
229124
16375
383121
2105
989407
581791
404778
743022
592502
254529
150276
1196744
66194
842924
1352248
44113
600474
80156
390353
1081920
411287
331567
81188
840282
63996
294643
710258
1278853
783748
67345
923846
371693
356731
500
847153
1320786
35077
442750
253987
160946
297317
1147416
1315657
414914
132553
968282
464020
445224
105734
454227
1433336
34796
30202
509
11970
660840
8843
1792
861790
678071
515195
22874
328214
618172
454983
249425
54589
1130276
556802
96724
1466080
307931
1157612
483642
716750
44751
313052
71434
359544
89366
264644
233440
24237
9685
770421
27
851339
370097
1053348
402900
354621
376587
728783
214200
47651
1522079
4257
80054
928480
698948
881210
133339
806312
369032
96411
267115
634203
1241742
526007
50448
12481
547116
392579
59860
440605
74513
714211
11554
51153
969681
505720
1071715
1011015
9953
33521
50456
313093
465168
344270
455476
17322
70966
455704
1514999
42800
138997
1091650
257211
25069
860797
398935
1011055
195034
1403327
1199074
1356050
1513341
302042
298062
505896
72705
581768
460863
456326
847027
127642
196862
935040
845078
400603
14181
72271
276907
965150
385142
6216
1247366
602269
387426
285538
467398
859529
14801
848791
916538
14574
6933
275687
71359
856289
472869
298228
257586
537971
362772
258227
37208
1442033
505892
3030
437182
44896
2640
503078
515327
297979
217574
88374
267860
628900
510863
102286
197538
818397
27966
78697
991383
871
934866
840889
308446
840705
592445
7182
958476
828595
1224193
765304
266904
240891
858871
284116
116700
542421
513983
67216
1024473
293799
193090
3210
307215
241259
924064
849159
1504244
300441
683185
133427
932192
37645
28941
255653
1318435
555332
1444437
806958
598058
20316
873360
381284
524
1250373
137
12193
518403
416925
801557
11318
482629
365895
505433
498945
800
75900
892516
65986
479607
10994
33914
9360
1032920
284991
71257
205220
242318
44133
246655
950213
512911
441130
9957
903647
602868
627655
43225
600678
252225
8692
64338
1470807
302431
299120
87083
14728
71665
96721
259316
108519
260578
331314
2119
296524
113670
550651
319065
189804
1001026
911346
293172
1504101
598
190111
412415
36819
283552
52862
1433842
46736
28602
842449
5753
22583
7445
94393
850207
49530
385638
74072
82695
331562
586240
872497
44950
7979
869602
658650
1494
1122469
1298809
70414
93456
64872
965915
815315
30239
1009396
395991
43388
417159
638585
157433
1429739
29455
307572
130741
138103
496524
1048728
9967
1427486
392487
1039440
1320805
182503
936058
1510227
1151327
419242
566365
160768
685814
347037
525286
418017
66160
595041
124408
450163
105927
44938
1049951
44826
208771
847539
778894
251463
171274
50348
146818
613425
712133
570503
762441
582732
829721
2405
664236
751114
855485
621742
597538
1525912
399402
1545095
13260
855
847353
76216
319955
33217
133980
754770
1130426
91475
1337141
931923
170859
138491
14324
1116330
115474
885243
66981
1156260
468016
502140
453004
36630
363094
1476396
297624
20066
351354
707945
45817
1287063
318861
5174
214752
896536
929537
992905
336231
134
528210
27522
161080
956684
274854
1307118
982287
273248
178582
15991
172344
672577
72710
143307
974397
880554
26496
768653
11348
379270
1100998
13787
923667
35073
803736
306100
391629
322633
76338
1377068
460318
272322
709481
295964
243226
916937
254137
345180
1303162
413191
94585
1029875
611503
31614
8247
1544335
575278
533106
110000
399361
2114
415800
726916
98079
1542882
85126
550655
996154
348092
529504
351821
22288
364826
245121
1503603
552688
31011
490056
533321
161
1579
479054
11861
1407078
275657
962664
338516
206717
770156
407563
6693
1297763
265189
660603
514389
1159939
924742
538138
156450
968296
212766
112800
613093
585213
971457
327210
483189
15476
382543
395855
275063
279520
12230
222294
1411237
799393
626267
128188
8886
718905
443676
1022690
347852
786
957314
33374
303865
494712
32857
363450
294640
1492608
505855
679339
1094526
66006
1519504
1169623
162549
70721
145169
368811
916224
573725
705996
753140
1520048
172178
1103789
670622
783296
503512
478417
79707
14325
213842
797394
423678
723377
833613
408490
37807
502928
441924
951996
389175
9532
56292
479476
28313
473513
182175
716582
1379587
104680
14560
889209
177198
812461
321746
2993
813
37710
292038
2760
522241
1243582
686647
143547
340104
157021
123389
208583
153131
1586
232788
326065
18257
489764
282390
340676
609271
958192
1149953
605444
307916
553604
1075519
248890
109439
12156
77382
740939
311414
99198
1010600
9406
81675
27344
506971
678235
933971
9663
8643
1936
611172
245301
879372
992133
673593
142195
60555
564985
71672
463272
30253
1229915
65063
973190
691609
22794
96067
1446577
624390
116578
534
815324
460793
362893
73125
991567
461589
1508191
1359564
190447
21708
1832
171644
504592
290808
947146
50835
73867
1402
623034
1205515
962724
747
204964
233008
45916
803114
69069
856809
1116490
625790
82654
955833
28211
671338
163360
43876
765944
345940
343173
176915
1273930
811087
112825
711978
670001
7345
712591
474811
91759
139328
963037
20033
932420
69785
236299
78777
1290183
1088166
1949
665815
92323
611771
737676
12163
122126
1408208
1059634
688958
359234
346449
304544
369885
85162
1064835
481555
9455
780494
19403
283216
49444
8970
556453
112987
1463294
193580
506863
104532
49012
10885
880059
617961
35921
106406
69730
795652
527796
282285
84387
111626
1281324
776797
169228
9745
8358
612315
422089
355756
288655
30484
13020
18813
940626
143358
152906
938000
797485
9846
127791
362637
45578
77288
803098
47854
322113
79894
728480
66733
101179
829402
313582
289483
315358
363417
155884
521029
781732
619698
487360
38199
55009
369351
819676
11386
1428294
348859
767304
585139
9279
797843
1450811
605928
337339
419333
308285
80403
241697
529011
868759
1186060
17984
2675
1117644
644479
1138728
40635
18230
432871
672322
108453
1215034
547454
1507473
740842
79290
403307
2346
1289888
587384
1137095
50387
87469
714602
775400
441343
681600
399579
51763
20342
1465352
82550
751431
42718
910365
10610
59838
473223
475473
937309
539390
10786
266427
75988
1028426
1136898
238766
566242
46892
42094
56919
73152
1319969
61892
407526
49941
1559897
1411805
1511664
114375
79645
37735
11878
342182
844744
131185
103117
913209
421304
5714
1453697
1514042
89644
64100
26906
362706
206749
164278
522706
507545
57996
573263
812583
85983
25440
413396
410853
21208
29702
360776
1511355
768402
178675
842022
65994
157350
10464
63749
866543
11045
29967
20045
609137
654454
385655
62960
1029324
551400
979
112529
865010
1182014
687936
345887
400554
506886
1504796
426769
37703
661742
336850
991256
575973
582634
1694
97625
33586
145444
54348
588073
218615
532891
911908
97189
201894
635031
392009
190004
1374485
975438
50772
442997
329160
972239
80255
801303
692982
1125311
1150513
1231799
105091
671909
1028583
497622
340068
372962
788045
35626
49046
406990
2758
1393761
54503
267903
721692
749122
81027
409864
157465
390747
2314
1457374
1006768
102899
10906
85398
331313
209319
937208
525
11460
937791
734646
869241
1317520
479018
101354
76196
958014
622764
344933
826065
226794
400013
84080
977237
1062080
1284004
173185
339224
131634
284300
48916
1362207
472253
97884
1406470
358120
39345
1508426
244787
646
7326
217434
500664
387957
400155
162066
962813
791394
260054
3110
1113900
194522
518954
1523665
980785
344460
76012
26333
529620
129998
641770
351917
1543
1166736
163008
267499
1229055
655187
83773
10160
1387155
830347
399055
393954
55860
29926
883730
424149
89935
295736
11713
796533
457938
994094
1406352
437042
1197443
186066
516729
642671
1283320
232625
1129107
535144
600
288862
217786
629
1294698
539364
49965
628534
825541
91011
40662
385888
259039
13001
9281
458250
1474678
43785
676536
291284
396398
897728
515815
1497305
404141
11469
446858
36282
657079
81847
1074073
376659
190508
519874
967847
361047
1250142
148887
1132388
759331
458376
788734
570375
269077
95983
12429
381288
81416
736526
50321
897066
43799
361222
354685
136797
623313
504608
6366
1497
150096
64084
944784
931237
1535829
1075794
75438
647017
766457
615650
1192177
71482
307109
77399
166977
374904
589876
329003
387852
58512
638
117007
327390
624091
9286
641916
283105
286687
953650
206487
373072
1196364
124132
847208
351032
664850
250015
514277
621654
354631
280654
530254
603673
77292
103528
1245649
91845
90104
590018
1516235
1290841
9509
300261
44403
578701
512755
534733
438145
15156
65254
221637
135812
719221
58519
1229205
554979
417670
1123093
307322
125112
10555
61791
1364181
963533
1302916
16687
822448
301944
513909
360249
9879
357096
1097118
382644
16366
1043355
313484
1443383
53210
198155
639485
8367
979924
648646
11286
254499
1505305
222357
69157
365351
1128529
604298
265323
64305
20681
533920
8909
218613
78402
471880
1558681
279515
860795
97121
513223
24939
996084
846850
390213
46281
97447
133360
525661
1444279
4982
446506
977919
1207858
130745
8467
845140
192588
184098
1173558
335149
112731
194066
537523
286313
1498532
642803
1188258
177387
138012
597572
78871
2008
927755
47405
475930
489852
335977
411536
208404
400574
57103
981426
347945
347916
195834
489073
633908
430043
460019
612457
100724
1002338
11619
79509
34139
926589
30018
741694
16973
1315621
197089
961302
290053
125824
1225572
432940
18760
358451
3603
260745
452137
335915
610266
777270
794141
56968
316157
426015
1116465
41069
537056
1149646
256079
985335
723393
36244
960251
358617
879538
857905
62463
185885
15772
416149
799876
156715
226674
1150475
517017
562175
389907
634425
9762
95547
774741
148
292491
418726
630004
719538
464052
74759
607282
286912
572315
112937
1489166
1508741
52874
368796
65257
628
208305
358856
104744
448940
28530
428045
396100
67772
507966
709169
744209
928358
117864
402548
214368
675678
60304
287493
1433929
423
59253
8077
960297
722627
355196
782010
192149
659290
891143
1249722
110260
1117242
227736
27362
283566
221184
504296
94105
68027
123291
42594
666277
16871
307447
986280
715387
70787
84100
101339
359628
149089
52799
452400
54990
1526001
785208
864053
119151
444955
183412
55145
824373
49331
858653
27294
253361
157251
31035
960231
319663
521784
28616
544760
618319
1022796
514857
801968
872167
14042
1405338
13018
961320
997892
748621
19884
414975
79056
11635
719674
51848
47310
991814
345540
567766
126190
605804
82881
49797
35636
832128
987772
76684
201764
220303
31777
988900
839950
259669
1122431
1107440
1427
512889
1506450
1313960
953092
613504
1235823
4977
415842
1328563
290705
9913
25891
514263
904327
1498658
14709
618465
530156
717637
980649
369892
1193585
63955
1511417
10015
1824
452690
131010
582297
1891
439644
917115
212716
558947
339990
679484
124655
1124566
31507
629663
313922
13179
353255
412656
10292
650716
164741
36089
515194
506654
116745
175895
313968
968268
1442776
256476
1077327
772272
949237
310888
243495
10619
10982
4252
26912
28925
1532132
73354
571696
327702
459974
80063
355368
7350
971343
529429
1277913
582695
119893
2109
1436493
295347
5510
246032
350979
894826
1243974
57010
18095
511900
403671
8691
15046
402515
71805
55931
407589
95966
1224537
80741
982047
74585
678730
378918
901291
542211
317037
43802
896053
616914
37691
44809
52979
262551
358983
279352
82703
969783
459639
512109
693837
1016084
1315988
771217
363844
88613
4638
1066593
399360
278182
14113
67957
422430
61263
9952
163592
346
51911
476592
945626
324538
1268178
1011367
38577
243684
1012180
1373728
695908
268413
94478
468624
39074
296095
339804
980928
37467
50023
1440923
1377125
135790
62835
83542
239976
208153
1160026
280161
53650
512471
560626
29568
892597
402033
1352047
97731
451851
160796
858485
382848
1134738
513421
359279
459917
86328
1067030
474582
207766
39069
32037
1357763
37724
524247
10658
430360
318954
302349
944756
72661
17218
271138
308980
885591
1129025
304277
946793
879289
756187
554958
104439
355495
43787
1305810
67050
316885
577851
62505
1510463
513458
269759
2428
353669
522478
770724
379334
288567
231519
315161
9323
223263
1429744
854331
328435
76493
466622
1299390
80708
74997
69667
822871
772582
98365
675171
144972
1227270
1292905
525227
326699
274864
92786
24094
865301
57431
147061
271714
938224
512186
44140
18111
1464802
15873
581600
987410
937097
360391
603109
1224020
991494
100176
62211
336843
870073
134368
242631
912859
2251
861126
348501
239681
309937
48820
41643
1277772
80572
250869
106595
771691
745272
63730
500046
817060
782
984503
762360
444966
31361
767271
426100
354979
83099
630846
15961
320440
257578
619803
967660
8942
358829
117326
1587
28734
26389
662402
420611
199182
969578
975837
926670
67568
700841
324807
390
289426
766804
261659
1285247
283499
84719
663166
10693
369398
6623
270595
93519
1309011
115934
8321
208495
28029
691812
36414
708225
59902
163333
801413
89056
931642
1408581
70959
629706
267254
84521
163355
37049
629292
42699
69599
799648
42985
1001455
939837
1209215
967217
252395
5776
425650
103164
1248499
1062108
819160
334298
3082
475753
121890
1011464
336050
295011
1081700
388417
324011
66185
57110
274239
68803
1281200
823604
316908
198167
180649
268717
1385631
478990
607706
27066
47369
525274
1335779
70166
1198843
336393
731240
66431
357397
864
533642
625364
104282
600354
607653
25293
411268
591869
145872
2148
410124
1111839
524087
124711
1467936
862582
242957
173747
5038
328309
1517780
568160
1067953
1256724
930559
778508
89760
763329
363346
78933
80294
96223
310
41792
58647
53182
457480
1182047
32119
491599
512188
10142
306943
112977
622253
90942
1075827
620
185327
1095794
991030
1085681
1256061
512452
449132
160611
9048
980641
44864
447743
314405
620153
19901
530723
167447
961371
511778
346652
298833
769749
121713
1259498
131839
718998
43378
75390
574856
555534
721464
211177
364033
274883
436413
253350
157152
583984
25908
90363
623763
985617
286022
31767
59883
1382424
523957
11975
555008
746463
119599
27092
304718
7500
26618
1314398
303481
477943
68555
381341
787384
933131
9914
1055224
48787
10775
1502671
1143429
306403
659013
974643
22430
920824
850897
738041
546391
927589
1519347
337703
720535
51900
1075536
373858
32657
78977
190352
581497
412887
10527
12222
48256
271461
1427158
1205943
489567
439033
507241
69448
1007167
778278
820525
36670
1099409
581392
20537
1144601
283777
464761
910812
1303800
435
338953
864337
961268
55825
897865
85874
878608
398222
865541
8656
115039
624
1050035
328608
484940
377765
1104844
574137
899112
702844
1168192
85985
83091
775140
500101
51635
9268
50352
467155
548998
137315
319920
15487
652962
36949
851485
42684
29161
365404
337270
287719
944895
59594
452366
282410
819504
471931
673527
658585
1078930
512064
420491
975736
533481
937536
175774
360606
16703
43384
588576
245891
1313211
70800
965888
172535
62930
215053
91938
18038
12206
454549
928270
419176
57214
663566
778280
244141
667165
76649
549846
860859
1033807
588048
365003
63329
1032027
472863
737094
293370
608926
606641
533239
461224
57483
1183496
25239
1400782
21790
48466
78557
1373024
419323
89011
882140
85268
468018
226458
73697
106249
332186
217185
677029
631964
1106870
1389753
436431
602223
216334
701951
764653
1352894
753354
67165
9043
993451
182895
1100689
33792
149973
80339
1435957
267768
731532
40660
116564
253047
966220
599325
59992
169381
59283
1110196
73500
126889
285506
413604
161864
1947
128995
1039690
438148
1443576
1094720
1035687
44089
913101
893723
727580
1260770
137383
339865
51243
254686
881674
726904
572667
321557
110942
101267
1210544
27902
10362
429856
56661
628165
252879
254305
46556
278601
11772
933533
439401
1242404
18334
539178
6587
923
194
1585
1129598
144726
1418961
726887
433957
1215227
614933
16059
1140693
9567
252
365359
851868
656403
972441
155394
29912
924154
85194
1151272
959101
930985
901
1146046
134616
631843
866143
81
438594
1293263
1355666
351065
366964
1016851
961722
1392300
927341
621
253873
80264
996445
806891
78123
251917
853
809106
935866
800067
858697
1075978
457522
691842
760774
62925
37136
252765
60747
4553
47355
22970
74914
64139
733740
421939
117263
42801
103401
200580
603691
823070
309485
17680
140992
555604
298869
384368
302789
80542
105743
49683
9065
11101
601796
24699
836563
75162
9659
7442
63591
82924
1470571
280165
227262
439851
11319
977041
326100
915520
877817
157386
10754
606968
457228
39382
857693
354287
698000
366042
218622
263626
47463
215283
568021
157728
163407
1167696
1448561
846104
19994
447952
1196632
74998
362951
139708
1326018
408936
342670
229430
1355822
767529
522162
9503
1453617
279771
280344
305879
3419
486237
1104845
1459673
366485
319351
56922
773543
273481
1300109
535222
1186402
560082
535107
11448
42211
424654
9320
452151
200263
87499
66245
1100733
833057
929204
81481
10236
125052
268
263412
180951
140109
264315
930726
444918
223658
937747
1434543
114166
37209
68486
37257
25392
374416
1062716
78518
502109
978801
605523
1530238
1334181
56529
1180879
58358
888212
347388
194744
52808
821656
798363
33826
440192
628917
69471
58098
107846
809936
47312
52122
667739
608869
31866
599845
1046032
1398796
995691
1487904
298547
557813
840583
683235
583237
337199
363347
37686
570317
293154
71070
7512
969715
754
653569
21194
779457
8690
464676
791229
75540
15267
540137
144389
313771
54725
1236706
752260
1128965
9923
252822
386469
143895
11059
1195172
329143
69434
911843
331482
642695
35668
1216405
280180
44902
64111
10216
309151
72768
88191
69343
242916
707369
25167
448453
146946
42871
617
726354
177677
108074
345961
64782
475472
495766
466307
401544
99760
706584
524047
124571
394310
474167
993711
73841
26541
11360
592533
403917
9399
49828
536383
42592
628949
274857
258231
101308
1047505
631657
1218646
1735
370567
1042523
289720
458353
929
581639
2698
89
397365
43013
431518
41394
1064486
267244
102522
43443
31029
991519
180654
1226090
112518
724174
697066
269977
31216
674419
842364
639612
456261
441282
263416
320551
605542
948410
1064028
1083420
9444
546449
234797
322907
86004
315011
242466
338803
496582
1201618
1262599
136467
981384
520353
415358
67591
913849
43528
1108754
8689
585245
797020
556574
351748
694254
644201
1017480
46717
476669
857451
659898
1461803
920335
125261
753411
841641
646405
305630
264264
36096
1530109
215894
86000
386693
11234
475685
1047272
784380
53085
52315
947
949991
1029529
357035
52936
439617
626858
168325
1254855
1125510
1175901
1008662
15018
315627
764
589885
949075
62267
15157
1145809
969799
292777
289054
58862
1410082
849243
112454
476738
1122974
381898
1072890
1144962
16929
233687
1013649
967968
600445
820232
553
240681
1395173
13059
4286
88273
1187619
2845
50334
475094
94901
701257
706573
134197
133558
1042958
1243341
281935
94749
25557
402890
49016
482310
134355
596702
238713
9778
874035
709631
888933
468727
45507
290
75717
57969
621409
996825
442249
237109
986511
353460
11001
1531899
955555
38575
564176
660006
453
335
5820
889149
707702
189771
1220580
456412
591889
1496859
313079
36091
795309
549053
32558
20152
19670
9618
983612
435841
264085
475867
335988
6472
28490
317685
317155
290500
127374
68490
258365
59053
716612
11935
228659
962333
43849
10671
780650
935144
696047
916
723270
285803
634977
892223
15641
85725
599349
952733
791570
1106283
801960
236885
1547271
1029235
115284
768242
21661
14025
1425270
376286
626447
933861
25073
491305
226286
24005
1183970
439015
238806
488143
261932
262270
597360
545992
1327668
293167
599070
1005694
19186
385962
67794
1146147
65709
836041
747206
33667
434376
493922
11528
854478
287778
238128
1025377
108606
577286
8558
539719
536061
1305300
1183767
69668
99916
72782
166317
1133077
891636
940355
298853
1137350
37265
15512
1051988
42490
514460
436539
1547148
604
28468
19494
179622
121959
37961
363676
371164
579396
1073413
768362
279994
816741
75229
1014590
1309201
126300
38782
198185
36601
619595
40631
90068
942929
39995
284965
616446
603314
114478
1274374
48343
718916
346559
414206
265704
83379
38234
33130
22971
956827
85214
204252
947792
1030249
603658
134374
273756
44534
1032823
47045
329294
188724
1105787
975902
822653
88381
69605
272623
942928
577150
882059
560016
29231
30618
47921
363055
562464
488145
138512
812050
464764
315132
230883
181009
181470
1226281
82987
1063877
6079
752342
671579
356303
761372
290696
485418
249238
878821
6131
440628
1223345
108275
80654
79576
49126
31943
1109940
3056
14703
853965
1127005
892452
412117
187846
442234
275897
921282
1293070
360924
1254021
1395724
469487
228648
17696
719971
1210641
944401
436021
967
576103
14893
1305628
942780
409487
34672
1449951
33491
625367
771396
1498
1452836
119685
4710
23255
870160
695721
302071
287178
272934
72808
72335
1396743
508664
568271
1125884
1466290
9530
286226
163393
893694
318541
171488
1172559
986881
24582
786931
376865
298583
608
462384
378430
29452
1148485
302946
111786
865255
374660
557412
53797
794144
1450599
1091714
90449
17609
619130
1027973
990140
61979
14334
437051
42170
1390549
730023
310882
101541
1111340
453080
1232802
230857
1544508
186902
1262926
17899
320287
570634
1447985
36272
449438
51828
54291
1459924
959593
344341
94738
700769
48866
585244
19490
4658
1496993
77915
22881
784104
195761
108433
359523
916192
916864
731224
488576
452551
609126
1261825
72054
490134
77626
50194
1096705
645693
626874
20760
418953
318481
500365
2373
302275
668929
379141
1209772
1050696
290250
92492
652260
977506
649944
1384948
10545
15683
848985
9291
285764
10577
193906
14878
87901
1298883
281168
452678
930504
567604
76321
345154
199170
41852
489355
1075481
1026938
940169
435848
740441
38810
212008
1152243
89237
433878
1138749
183957
37749
1128959
445954
553165
37516
982620
27936
774825
1450379
728235
568992
614644
54523
31388
742958
428337
1098006
105119
356801
441728
399905
286494
120467
361941
234
15525
174104
205524
1295294
386590
551726
959493
51991
672647
31592
810872
22682
222865
10515
332
85236
363618
87229
1142037
49571
29888
596591
842544
937479
257196
453948
65325
140823
30352
13389
291004
645788
32825
207784
473446
49028
10975
9067
698528
235765
1235623
261850
189111
456740
43271
275813
48542
81408
339501
877822
545920
793076
368653
433711
395595
1093211
433308
32261
532639
11862
300414
238581
310124
474981
648619
1436769
1478169
518239
149493
83038
319989
994739
348754
1064119
429520
676596
436882
256457
597178
31901
424694
61435
7735
653247
837726
227550
373248
94957
480210
96398
249164
111457
946852
366922
453345
93834
1248405
293445
240143
452956
290186
1360733
803962
458506
395364
798911
561692
862344
983815
77434
57670
1495576
80639
892513
1043561
587670
491581
1549457
195824
1078807
514497
508642
92417
308831
61109
509714
1308366
315252
41235
484493
126963
220881
658884
23446
467938
426569
2330
221434
1183558
512843
626702
327416
884879
187726
1221705
300153
49524
960006
601715
562356
523494
808627
132239
49995
447259
289269
284
122801
675656
265025
134088
551893
1050981
1236956
183659
1236624
378092
603615
176294
32275
776909
66850
405265
1107278
455783
1193662
1305433
1004580
26466
471775
904203
10431
86507
19366
705811
78169
9754
282500
966346
853874
176486
748563
57456
843241
488813
52616
1234811
638210
454687
852696
92936
77485
62255
659940
590869
253946
1150047
124310
47760
491625
808812
1520183
1419600
312105
709702
1365889
1377758
661729
999885
584051
23378
464697
114186
1240475
1062505
425535
367570
728294
1025596
267193
151122
1235877
799782
275355
1307078
575368
846945
613407
63569
117457
1260794
558
4832
75986
212778
813789
1148781
802367
393572
957146
1044619
7551
874610
519054
42443
71595
31118
1213404
648207
746111
298503
430282
106863
35053
475748
412665
4234
72115
73835
221654
53030
9656
518919
9316
297026
942
5725
722913
549590
11543
502462
288097
1492986
141052
744738
1249213
638222
958436
798736
997317
127067
117619
83013
586554
1309660
420627
326218
301737
1529225
1129468
48408
185025
62720
855918
518439
1005794
297596
64631
815111
737795
66588
800497
1507418
58051
43498
543998
1019661
42337
492664
431721
994646
1018
9103
741030
267925
398209
819053
603819
52907
290751
632357
887321
29434
766673
564719
26985
1252541
563836
502918
546442
341028
28
9904
53715
730333
61894
1138891
406997
40876
551892
301049
4546
1399720
793379
103621
1229853
614555
586453
81999
44184
503
1433697
9079
1190323
496036
9340
219461
33303
1031907
101530
389991
1147574
490959
1080357
215022
83407
283366
83384
145111
123047
6160
1085898
160058
1541016
75859
913825
421285
943529
691243
288668
1181039
537171
62385
141
799121
254196
1208348
56451
1512766
238305
201672
225086
76399
678046
336740
913001
503839
33537
1386578
121493
1300954
499930
35634
634301
1273362
508570
6478
1300501
1457293
1212017
156711
514542
184345
394832
78624
669842
314029
91910
1072339
73319
313108
109414
80788
503093
747988
353464
485854
78938
1515868
511152
96936
103635
398569
339692
329574
487844
403114
319668
958760
36738
311
111477
892300
48674
767655
8986
882835
344248
270056
263948
426846
447759
31516
33052
40154
766419
562502
1151083
326703
84892
611739
216791
1447701
462725
1488099
570508
554493
19059
1270432
647873
28481
365367
264157
333669
221731
588648
180
436270
5876
621003
127408
695861
202144
234880
1363016
301001
1193640
42445
259839
292167
107531
471060
68259
270417
195823
257658
49950
875144
549326
966656
97829
1027819
1212271
978592
179095
32147
44214
239563
495764
121642
569979
75641
504148
20083
658561
94134
938235
931536
334778
226885
3929
616619
409923
38388
98864
463135
28867
42721
1057513
776327
191854
673150
334136
785042
1074421
300490
983451
467244
941175
1527078
490154
420617
1389372
1174618
619995
212006
48985
27296
993
232492
265108
13482
179123
433706
22301
744937
581534
1063947
12261
55902
989949
992296
82461
258034
115109
1165003
213629
636637
194977
296063
21506
1240960
98539
181442
407448
1620
69573
1497431
359224
1280746
813851
311180
116944
340932
118340
453625
364146
10417
156158
737546
18359
180048
55832
347872
1204866
526338
427
981164
435348
395395
10481
315859
80917
589615
252441
456837
149029
1005076
85640
878384
241334
1541343
208873
19404
491418
473842
7862
244467
16184
65252
739223
7840
1442396
323260
31131
336971
53217
537347
1463182
164974
778997
1032448
471493
974453
279526
1018518
539998
760434
1378889
7553
400705
630345
348451
615076
380458
1124112
1079195
789229
526283
160478
304157
451450
437031
11013
305323
1110586
649056
724080
91417
783457
294992
340102
276032
36669
45266
252743
461016
384365
147568
80216
394237
334251
499228
386075
374720
593805
1052367
806023
623595
1531043
91880
7508
187826
9924
97794
1565426
661551
46428
353746
39514
9920
29075
882569
63721
5825
848074
1296498
18498
678320
116690
422621
274271
62543
86005
564861
1457446
641616
34048
71538
15250
462788
116120
898563
1135869
925886
273077
362750
634928
825805
589018
382437
538762
893752
74216
6466
126509
573653
772820
43347
77158
58156
1105887
1404473
1235881
929803
155902
17909
207160
73646
52011
1878
68645
64033
1516259
150823
158139
86719
178806
47956
407042
900516
426217
1468950
413188
21802
1013972
109962
1207830
174861
685033
1470039
221797
1217286
646389
1217121
715523
8973
8332
390403
532432
888908
34023
187871
98557
1233515
626327
593661
10830
615677
1132366
447332
599318
911345
881625
979660
806
101987
410533
639548
87023
1067107
110146
15536
955277
1125102
854062
1035366
345781
792569
744653
281838
1131000
1280461
1275715
257620
977442
382589
674886
48312
102337
350547
814156
324029
139103
810546
273135
307047
888905
401402
500189
1135727
4379
1083037
223771
72578
749256
678287
585304
38166
1274480
78901
1091453
1251989
1149666
892854
52805
46994
504140
396717
475731
1216362
1356735
109402
61821
215653
897087
288532
720100
186585
1164149
484737
1301729
573201
118841
604092
570012
32007
41154
1232221
795237
549294
174818
597772
250358
829125
1437576
1204870
612480
338510
63241
9075
73
831390
989730
689401
640146
460802
18516
106634
37821
1408273
603678
301355
76203
70
1477934
20638
414111
9395
1200230
244455
1151422
1150521
1094138
452042
1089640
16133
86023
902966
534739
988939
916321
917376
58937
959599
472451
1321439
1057491
683124
1358006
428236
243885
141868
121854
28493
33063
260078
786147
976051
746351
250234
49014
1194582
678714
629992
329
922482
230274
227369
101832
14451
709264
209294
1513897
42241
294248
99377
136130
258650
1005158
85264
78260
513413
178936
31978
1005402
1262815
9776
115156
34058
1317288
56957
555583
100812
860963
28240
388
38699
760178
569867
442128
946485
1128515
28687
718949
972533
322337
1153222
1322752
99627
37631
858724
71615
448119
462445
4824
309814
176047
675777
870671
887357
173467
400928
940
314784
20220
78708
878503
146026
7518
568617
418525
408167
109827
975407
682901
41482
99842
97056
435698
424389
1678
270841
223905
959130
1290213
86894
676782
657055
1394332
304496
543385
3469
496434
458309
633910
1043678
975511
959116
821510
893
561134
564202
772887
123553
69225
634959
11423
1941
597156
978796
99324
44264
75288
77038
1435747
940268
951262
415507
56344
46588
998550
9449
1309355
624307
577679
284144
1023994
205891
339988
106927
1541332
571554
10019
304597
701871
1017492
371000
293450
470360
747747
737885
5941
1028769
985704
793795
8832
760497
18182
240905
380660
1393382
29476
24525
357659
13765
298275
529203
96311
586044
371530
10201
608947
403941
1301236
995451
538572
564457
36900
779511
299537
59440
212250
344465
1484453
793961
52790
929741
322506
10022
334649
16266
860
307814
812038
705090
376666
307263
1700
932877
695089
110997
673629
516788
29792
609202
433814
87308
40413
138496
72909
1128504
694858
42966
172546
468690
400397
417830
651720
802585
991049
912684
233671
1394349
40185
726759
529217
9738
340415
262865
54479
1120602
1311788
521808
246319
361239
72387
45124
472836
1535694
602262
779252
241251
47356
804435
1214539
661671
654904
695958
560038
245698
379949
503871
11932
401666
1206864
37348
690554
394290
44101
334455
493284
43355
115119
410687
10801
737833
433183
413397
947564
289902
373245
95807
1253307
916584
69524
573077
73432
6635
24735
291161
827341
290003
399566
595519
1482800
718558
166436
597860
1445705
46127
42444
53624
37922
25558
89817
818802
729165
676839
537192
547054
831388
101708
13727
758923
495687
538628
34433
621218
94684
397897
286190
102678
1234731
65945
996954
80184
838941
578297
507
1527396
418291
529691
1531273
791414
138122
115383
491797
452152
731797
453882
283260
532100
42073
154400
1309172
16693
552950
780396
665845
1069650
339964
17091
68295
21866
91186
24058
70345
9981
238957
90770
72509
78937
41551
994503
991609
272872
709621
530754
800367
40624
26180
217250
63820
117570
771188
478122
773617
28808
55906
10096
251
725542
798904
428754
261796
18900
447491
695894
399454
1291693
268694
92731
254672
175998
120591
752880
39259
140300
284427
1115468
47653
162145
531294
597292
384527
615009
323033
567474
6282
1621
478070
103198
46202
40842
194393
143542
861
1299799
67592
638300
537166
208763
4011
274211
273812
648123
37939
9546
400854
268966
81931
1155235
68825
1001840
321966
808494
282864
466500
1244492
43947
1283796
911190
60061
124191
443636
458191
272364
21316
19365
74624
18265
70110
318739
571606
78975
290859
97630
690915
537055
116104
919690
356260
286664
146216
1014182
31589
936245
655602
894086
614414
54111
287440
611890
42777
1090378
786021
95552
222935
1256380
190971
43903
328366
835578
833013
84022
621245
461021
420100
377593
117251
47883
5176
68727
442329
376570
37247
1492655
103376
65529
583073
65274
63888
607451
852862
983768
434942
372343
21795
1279421
917330
741636
473896
32307
429877
162215
1174458
879292
326774
112255
1934
537816
85589
118498
11778
9975
62374
957711
1127166
320694
173299
70917
16005
609145
368182
1231358
584004
691179
88860
9606
863471
400346
243916
1266376
862557
844161
9461
1408090
523189
375303
50927
6844
875023
82930
898704
795514
517082
616602
990
927012
1219787
1086548
737013
137654
262370
268896
822814
212258
744952
69248
707409
675327
406
1269282
472543
1424099
89909
487083
188984
382083
1386056
212836
690409
530528
419559
1067101
90071
758323
522000
1487
1083968
365768
172719
437164
1060526
875188
290657
292112
201132
222311
427068
287756
253281
157293
158011
615121
302699
22705
1152014
675775
246206
9516
120605
385169
27899
600625
10406
1283250
468799
963682
931786
112126
505848
64114
368084
10359
27973
92185
99354
669397
593240
564840
319275
1224413
991685
460321
838712
414897
124857
1066573
433023
285640
474835
10386
1172275
11160
1081196
803101
650743
223793
476204
581038
578494
379390
329919
9062
713607
126022
1001770
129533
71102
78859
679388
937514
982041
801334
78484
43331
78989
43496
300878
1563
133458
1543802
1014662
252709
182653
60264
59352
437345
276506
1108438
519056
886694
802699
680001
1104684
1495629
292385
1422211
686255
469726
82080
608965
499338
103663
2022
519521
458220
480120
303857
920356
19286
958196
921100
523226
906163
378872
750306
1276242
808806
858509
242358
77523
13252
366839
237248
20504
807807
101480
830955
812392
1276647
87619
1158391
349003
417489
226247
175076
576561
959958
990952
1100983
404777
1182297
619083
1069498
531933
64682
511789
963962
8675
255505
925341
1506361
337029
97653
86188
937941
614255
341174
10567
438799
291844
11238
888927
77866
31080
18825
241
287771
18922
798845
10835
441427
1546050
212262
193893
28059
496450
23592
866493
28704
278179
73196
206277
80987
489204
756371
225989
405918
42734
13183
1511817
767841
358434
614869
937190
741914
420579
1190480
283799
194992
530507
370818
2280
874946
11604
11468
238686
565743
407531
197922
1028374
623496
413279
1128191
302099
295338
837016
460366
287540
1374172
808100
294899
214079
60595
387286
420844
748685
671442
104417
60548
432523
282598
931124
164997
41579
1222588
445921
797838
56857
533983
1369
787491
397243
247821
65296
396029
1405483
294272
1148777
471138
65218
1280980
1193823
1164143
301008
57865
51092
1236987
120509
310901
136775
97327
299707
264660
497179
533654
719010
587792
780030
998169
923201
36996
718414
339046
1317051
13097
493476
386944
550476
921744
594250
929170
39107
1151949
1434581
323925
1924
396422
285028
360809
298312
23483
600410
730888
81446
34326
987958
45197
96
984684
847175
7555
172735
802403
369794
59121
161595
70083
832931
115825
285463
512565
176350
882209
176169
27370
103715
437698
65588
364026
82518
292343
940139
663149
530513
489983
400045
570678
342407
2756
940679
65178
778722
922503
575754
10607
41281
250790
288186
320288
142136
294845
1510045
1495123
493926
343668
38154
1224109
432612
961331
663870
73984
844527
277118
994530
656007
944864
987529
84630
1024530
928631
855445
393
923179
168546
159289
124828
1476851
1027592
480619
285684
589979
1237772
180761
9285
327641
511162
14441
173116
893754
927740
586621
91060
1069387
417135
65210
140870
128305
1389158
664877
778758
1089315
922341
884
1056072
111663
48922
994737
835574
418906
722818
387679
1257622
2239
768445
46391
112013
2454
212986
168245
1055062
301971
1075393
728189
10764
1046508
342
583867
136263
690194
433
1275288
155846
592
322932
18177
1988
102706
820511
137116
249446
519909
301549
468985
58233
48412
89608
531299
7191
634
852964
1372759
1319127
114524
201029
979136
476869
141301
11698
1182387
403128
273681
673304
188383
36293
928651
304324
810714
126631
19731
12569
8961
1488522
11571
202182
1564686
410747
264357
1330435
1180199
138952
166403
963700
874299
356275
1400576
677448
181315
1139441
617630
111485
8211
933893
55888
889491
808910
78240
835615
602779
682782
531670
109139
504580
88320
283804
1399836
1153092
383538
521150
388705
1295972
146608
945944
568165
1024721
306169
1260826
361288
707900
860262
1281021
374744
959436
1020975
9991
830471
215616
728463
675857
18857
9675
86065
887265
602
93181
115
597433
581825
1321622
805890
520644
206779
960057
857707
1353870
163684
1542443
44833
410968
472310
804370
1892
26593
962730
864925
856693
211179
108812
356390
1224178
793718
849173
629782
74220
559708
10882
1159138
658313
281256
41216
163545
61418
9794
579
341491
92247
645757
68952
398588
861668
787724
254918
969926
1948
998282
42693
357038
66315
770
267931
449798
367839
29565
990485
462784
798316
527774
56705
403207
66105
56784
576993
9343
250902
718350
498630
41206
9457
139308
80179
1149333
936093
58549
974562
316727
842675
522252
657049
49844
405755
336141
50359
31462
2907
674230
237689
311324
1830
975806
879319
922764
1208239
47459
1438958
192062
66368
194031
792976
15037
377399
87
862346
1012069
367247
9693
65488
718861
62723
274529
582913
496377
404848
29833
42172
420260
104940
15914
692840
38850
1021511
995206
1184587
437992
940072
